Testing gemini-claude-opus-4-6-thinking...

----------------------------------------
Testing gemini-claude-opus-4-5-thinking...

----------------------------------------
